// Jest Snapshot v1, https://goo.gl/fbAQLP

exports[`Kaikki komponentit renderöityy oikein, verrataan snapshottiin 1`] = `
<div
  className="App"
>
  <div
    className="header"
  >
    <h1>
      Tankkauslogi
    </h1>
  </div>
  <div
    className="content"
  >
    <div
      className="App__welcome"
    >
      <div>
        Et ole vielä kirjautunut sisälle.
      </div>
      <div>
        <button
          className="button  button--primary "
          onClick={[Function]}
          type="button"
        >
          Kirjaudu sisälle
        </button>
      </div>
      <div />
    </div>
  </div>
  <div
    className="menu"
  >
    <a
      href="/"
      onClick={[Function]}
    >
      <div
        className="menu__nappi"
      >
        <svg
          aria-hidden="true"
          className="MuiSvgIcon-root"
          color="#fff"
          focusable="false"
          viewBox="0 0 24 24"
        >
          <path
            d="M4 14h4v-4H4v4zm0 5h4v-4H4v4zM4 9h4V5H4v4zm5 5h12v-4H9v4zm0 5h12v-4H9v4zM9 5v4h12V5H9z"
          />
        </svg>
      </div>
    </a>
    <a
      href="/stats"
      onClick={[Function]}
    >
      <div
        className="menu__nappi"
      >
        <svg
          aria-hidden="true"
          className="MuiSvgIcon-root"
          color="#fff"
          focusable="false"
          viewBox="0 0 24 24"
        >
          <path
            d="M16 6l2.29 2.29-4.88 4.88-4-4L2 16.59 3.41 18l6-6 4 4 6.3-6.29L22 12V6z"
          />
        </svg>
      </div>
    </a>
    <a
      href="/settings"
      onClick={[Function]}
    >
      <div
        className="menu__nappi"
      >
        <svg
          aria-hidden="true"
          className="MuiSvgIcon-root"
          color="#fff"
          focusable="false"
          viewBox="0 0 24 24"
        >
          <path
            d="M15.95 10.78c.03-.25.05-.51.05-.78s-.02-.53-.06-.78l1.69-1.32c.15-.12.19-.34.1-.51l-1.6-2.77c-.1-.18-.31-.24-.49-.18l-1.99.8c-.42-.32-.86-.58-1.35-.78L12 2.34c-.03-.2-.2-.34-.4-.34H8.4c-.2 0-.36.14-.39.34l-.3 2.12c-.49.2-.94.47-1.35.78l-1.99-.8c-.18-.07-.39 0-.49.18l-1.6 2.77c-.1.18-.06.39.1.51l1.69 1.32c-.04.25-.07.52-.07.78s.02.53.06.78L2.37 12.1c-.15.12-.19.34-.1.51l1.6 2.77c.1.18.31.24.49.18l1.99-.8c.42.32.86.58 1.35.78l.3 2.12c.04.2.2.34.4.34h3.2c.2 0 .37-.14.39-.34l.3-2.12c.49-.2.94-.47 1.35-.78l1.99.8c.18.07.39 0 .49-.18l1.6-2.77c.1-.18.06-.39-.1-.51l-1.67-1.32zM10 13c-1.65 0-3-1.35-3-3s1.35-3 3-3 3 1.35 3 3-1.35 3-3 3z"
            transform="scale(1.2, 1.2)"
          />
        </svg>
      </div>
    </a>
  </div>
</div>
`;
